// Vitest Snapshot v1, https://vitest.dev/guide/snapshot.html

exports[`App > Render correctly 1`] = `
{
  "asFragment": [Function],
  "baseElement": <body>
    <div>
      <h1
        data-testid="title"
      >
        TH Students Homework
      </h1>
      <hr />
      <form>
        <div
          class="input-group mb-3"
        >
          <input
            aria-describedby="button-addon2"
            aria-label="Recipient's username"
            class="form-control"
            data-testid="search"
            name="search"
            placeholder="What do you learn today?"
            type="text"
          />
          <button
            class="btn btn-primary btn-outline-secondary text-white"
            data-testid="go"
            id="button-addon2"
            type="submit"
          >
            Go
          </button>
        </div>
      </form>
    </div>
    <div>
      <h1
        data-testid="title"
      >
        TH Students Homework
      </h1>
      <hr />
      <form>
        <div
          class="input-group mb-3"
        >
          <input
            aria-describedby="button-addon2"
            aria-label="Recipient's username"
            class="form-control"
            data-testid="search"
            name="search"
            placeholder="What do you learn today?"
            type="text"
          />
          <button
            class="btn btn-primary btn-outline-secondary text-white"
            data-testid="go"
            id="button-addon2"
            type="submit"
          >
            Go
          </button>
        </div>
      </form>
    </div>
  </body>,
  "container": <div>
    <h1
      data-testid="title"
    >
      TH Students Homework
    </h1>
    <hr />
    <form>
      <div
        class="input-group mb-3"
      >
        <input
          aria-describedby="button-addon2"
          aria-label="Recipient's username"
          class="form-control"
          data-testid="search"
          name="search"
          placeholder="What do you learn today?"
          type="text"
        />
        <button
          class="btn btn-primary btn-outline-secondary text-white"
          data-testid="go"
          id="button-addon2"
          type="submit"
        >
          Go
        </button>
      </div>
    </form>
  </div>,
  "debug": [Function],
  "findAllByAltText": [Function],
  "findAllByDisplayValue": [Function],
  "findAllByLabelText": [Function],
  "findAllByPlaceholderText": [Function],
  "findAllByRole": [Function],
  "findAllByTestId": [Function],
  "findAllByText": [Function],
  "findAllByTitle": [Function],
  "findByAltText": [Function],
  "findByDisplayValue": [Function],
  "findByLabelText": [Function],
  "findByPlaceholderText": [Function],
  "findByRole": [Function],
  "findByTestId": [Function],
  "findByText": [Function],
  "findByTitle": [Function],
  "getAllByAltText": [Function],
  "getAllByDisplayValue": [Function],
  "getAllByLabelText": [Function],
  "getAllByPlaceholderText": [Function],
  "getAllByRole": [Function],
  "getAllByTestId": [Function],
  "getAllByText": [Function],
  "getAllByTitle": [Function],
  "getByAltText": [Function],
  "getByDisplayValue": [Function],
  "getByLabelText": [Function],
  "getByPlaceholderText": [Function],
  "getByRole": [Function],
  "getByTestId": [Function],
  "getByText": [Function],
  "getByTitle": [Function],
  "queryAllByAltText": [Function],
  "queryAllByDisplayValue": [Function],
  "queryAllByLabelText": [Function],
  "queryAllByPlaceholderText": [Function],
  "queryAllByRole": [Function],
  "queryAllByTestId": [Function],
  "queryAllByText": [Function],
  "queryAllByTitle": [Function],
  "queryByAltText": [Function],
  "queryByDisplayValue": [Function],
  "queryByLabelText": [Function],
  "queryByPlaceholderText": [Function],
  "queryByRole": [Function],
  "queryByTestId": [Function],
  "queryByText": [Function],
  "queryByTitle": [Function],
  "rerender": [Function],
  "unmount": [Function],
}
`;
